%!Adobe-FontList 1.13
%Locale:0x409

%BeginFont
Handler:DirectoryHandler
FontType:Invalid
OutlineFileName:C:\Users\szetor\Repos\Repos\cgs_common\trunk\as3\CGSCommon\assets\Font\Amble-License.txt
FileModTime:1424208434
%EndFont

%BeginFont
Handler:DirectoryHandler
FontType:TrueType
FontName:Amble-Regular
FamilyName:Amble
StyleName:Regular
FullName:Amble Regular
MenuName:Amble
StyleBits:0
WritingScript:Roman
OutlineFileName:C:\Users\szetor\Repos\Repos\cgs_common\trunk\as3\CGSCommon\assets\Font\Amble-Regular.ttf
DataFormat:sfntData
FileLength:89394
FileModTime:1424208434
WeightClass:400
WidthClass:5
AngleClass:0
%EndFont

%BeginFont
Handler:DirectoryHandler
FontType:Invalid
OutlineFileName:C:\Users\szetor\Repos\Repos\cgs_common\trunk\as3\CGSCommon\assets\Font\amble.zip
FileModTime:1424208434
%EndFont

%BeginFont
Handler:DirectoryHandler
FontType:Invalid
OutlineFileName:C:\Users\szetor\Repos\Repos\cgs_common\trunk\as3\CGSCommon\assets\Font\arro_vegur.license.txt
FileModTime:1366825532
%EndFont

%BeginFont
Handler:DirectoryHandler
FontType:Invalid
OutlineFileName:C:\Users\szetor\Repos\Repos\cgs_common\trunk\as3\CGSCommon\assets\Font\arro_vegur.zip
FileModTime:1366825532
%EndFont

%BeginFont
Handler:DirectoryHandler
FontType:Invalid
OutlineFileName:C:\Users\szetor\Repos\Repos\cgs_common\trunk\as3\CGSCommon\assets\Font\cabin-License.txt
FileModTime:1424208434
%EndFont

%BeginFont
Handler:DirectoryHandler
FontType:Type1
FontName:Cabin-Regular
FamilyName:Cabin
StyleName:Regular
FullName:Cabin Regular
MenuName:Cabin
StyleBits:0
WritingScript:Roman
OutlineFileName:C:\Users\szetor\Repos\Repos\cgs_common\trunk\as3\CGSCommon\assets\Font\Cabin-Regular.otf
DataFormat:sfntData
UsesStandardEncoding:yes
isCFF:yes
FileLength:55824
FileModTime:1424208434
WeightClass:400
WidthClass:5
AngleClass:0
%EndFont

%BeginFont
Handler:DirectoryHandler
FontType:Invalid
OutlineFileName:C:\Users\szetor\Repos\Repos\cgs_common\trunk\as3\CGSCommon\assets\Font\cabin.zip
FileModTime:1424208434
%EndFont

%BeginFont
Handler:DirectoryHandler
FontType:Type1
FontName:FontAwesome
FamilyName:FontAwesome
StyleName:Regular
FullName:FontAwesome
MenuName:FontAwesome
StyleBits:0
WritingScript:Roman
OutlineFileName:C:\Users\szetor\Repos\Repos\cgs_common\trunk\as3\CGSCommon\assets\Font\FontAwesome.otf
DataFormat:sfntData
UsesStandardEncoding:yes
isCFF:yes
FileLength:75188
FileModTime:1424208434
WeightClass:400
WidthClass:5
AngleClass:0
%EndFont

%BeginFont
Handler:DirectoryHandler
FontType:Type1
FontName:NixieOne-Regular
FamilyName:Nixie One
StyleName:Regular
FullName:Nixie One
MenuName:Nixie One
StyleBits:0
WritingScript:Roman
OutlineFileName:C:\Users\szetor\Repos\Repos\cgs_common\trunk\as3\CGSCommon\assets\Font\NixieOne-Regular.otf
DataFormat:sfntData
UsesStandardEncoding:yes
isCFF:yes
FileLength:35972
FileModTime:1424208434
WeightClass:400
WidthClass:5
AngleClass:0
%EndFont

%BeginFont
Handler:DirectoryHandler
FontType:Invalid
OutlineFileName:C:\Users\szetor\Repos\Repos\cgs_common\trunk\as3\CGSCommon\assets\Font\NixieOne.license.txt
FileModTime:1424208434
%EndFont

%BeginFont
Handler:DirectoryHandler
FontType:TrueType
FontName:Roboto-Regular
FamilyName:Roboto
StyleName:Regular
FullName:Roboto Regular
MenuName:Roboto
StyleBits:0
WritingScript:Roman
OutlineFileName:C:\Users\szetor\Repos\Repos\cgs_common\trunk\as3\CGSCommon\assets\Font\ROBOTO-REGULAR.TTF
DataFormat:sfntData
FileLength:158604
FileModTime:1366825532
WeightClass:400
WidthClass:5
AngleClass:0
%EndFont

%BeginFont
Handler:DirectoryHandler
FontType:Type1
FontName:Vegur-Regular
FamilyName:Vegur
StyleName:Regular
FullName:Vegur Regular
MenuName:Vegur
StyleBits:0
WritingScript:Roman
OutlineFileName:C:\Users\szetor\Repos\Repos\cgs_common\trunk\as3\CGSCommon\assets\Font\Vegur-R 0.602.otf
DataFormat:sfntData
UsesStandardEncoding:yes
isCFF:yes
FileLength:10924
FileModTime:1366825532
WeightClass:400
WidthClass:5
AngleClass:0
%EndFont

